==============================================================================
[2026-05-24 20:01:46] masterReference 분석 (date=20260518, 대상 10종목)
==============================================================================

### 영림원소프트랩
- (전 Stage 통과 — 기록 대상 없음)
(기록 2026-05-24 20:01:46)

### 케이아이엔엑스
- Stage 2 — chart240 (stage2_chart240_passed.md): [제외] 최근 3봉 MA60↔MA306 실패 — ts=2026-05-18 08:00 MA60(110,901.67) < MA306×0.975(111,973.97)
- Stage 2-1 — chartDayPre (stage2_1_chartDayPre_passed.md): [정상] 본 단계 자체는 통과(재평가) — 이전 단계 탈락으로 미도달 / 사유: 금일 일봉 +0.61% — 15% 미만
- Stage 3 — chartDay (stage3_chartDay_passed.md): [정배열] 본 단계 자체는 통과(재평가) — 이전 단계 탈락으로 미도달 / 사유: 최근 3봉 정배열 + 양봉 + 종가-MA612 +29.04% [-15.0%, +50.0%] 통과
- Stage 4 — investor (stage4_investor_passed.md): [선정] 본 단계 자체는 통과(재평가) — 이전 단계 탈락으로 미도달 / 사유: 외국인 연속매도 0 / 기관계 연속매도 2 / 개인 연속매수 0 / 외국인 매도일수 6 — 모든 조건 통과
- Stage 5 — finance (stage5_finance_passed.md): [선정] 본 단계 자체는 통과(재평가) — 이전 단계 탈락으로 미도달 / 사유: 당기순이익 196억원 ≥ 0
(기록 2026-05-24 20:01:46)

### 디지아이
- Stage 5 — finance (stage5_finance_passed.md): [제외] 당기순이익 -6억원 < 0 (적자)
(기록 2026-05-24 20:01:46)

### 메쎄이상
- (전 Stage 통과 — 기록 대상 없음)
(기록 2026-05-24 20:01:46)

### 브이원텍
- Stage 5 — finance (stage5_finance_passed.md): [제외] 당기순이익 -149억원 < 0 (적자)
(기록 2026-05-24 20:01:46)

### 제이앤티씨
- Stage 2-1 — chartDayPre (stage2_1_chartDayPre_passed.md): [제외] 금일 일봉 +17.92% — 15% 이상 급상승
- Stage 3 — chartDay (stage3_chartDay_passed.md): [정배열] 본 단계 자체는 통과(재평가) — 이전 단계 탈락으로 미도달 / 사유: 최근 3봉 정배열 + 양봉 + 종가-MA612 +12.85% [-15.0%, +50.0%] 통과
- Stage 4 — investor (stage4_investor_passed.md): [제외] 기관계 8회 연속 매도 (≥ 8)
- Stage 5 — finance (stage5_finance_passed.md): [제외] 당기순이익 -916억원 < 0 (적자)
(기록 2026-05-24 20:01:46)

### 성우
- (전 Stage 통과 — 기록 대상 없음)
(기록 2026-05-24 20:01:46)

### 이연제약
- Stage 5 — finance (stage5_finance_passed.md): [제외] 당기순이익 -296억원 < 0 (적자)
(기록 2026-05-24 20:01:46)

### 제일파마홀딩스
- (전 Stage 통과 — 기록 대상 없음)
(기록 2026-05-24 20:01:46)

### 토박스코리아
- Stage 5 — finance (stage5_finance_passed.md): [제외] 당기순이익 -12억원 < 0 (적자)
(기록 2026-05-24 20:01:46)

==============================================================================
[2026-05-24 21:03:16] masterReference 분석 (date=20260518, 대상 10종목)
==============================================================================

### 영림원소프트랩
- (전 Stage 통과 — 기록 대상 없음)
(기록 2026-05-24 21:03:16)

### 케이아이엔엑스
- Stage 2 — chart240 (stage2_chart240_passed.md): [제외] 최근 3봉 MA60↔MA306 실패 — ts=2026-05-18 08:00 MA60(110,901.67) < MA306×0.975(111,973.97)
- Stage 2-1 — chartDayPre (stage2_1_chartDayPre_passed.md): [정상] 본 단계 자체는 통과(재평가) — 이전 단계 탈락으로 미도달 / 사유: 금일 일봉 +0.61% — 15% 미만
- Stage 3 — chartDay (stage3_chartDay_passed.md): [정배열] 본 단계 자체는 통과(재평가) — 이전 단계 탈락으로 미도달 / 사유: 최근 3봉 정배열 + 양봉 + 종가-MA612 +29.04% [-15.0%, +50.0%] 통과
- Stage 4 — investor (stage4_investor_passed.md): [선정] 본 단계 자체는 통과(재평가) — 이전 단계 탈락으로 미도달 / 사유: 외국인 연속매도 0 / 기관계 연속매도 2 / 개인 연속매수 0 / 외국인 매도일수 6 — 모든 조건 통과
- Stage 5 — finance (stage5_finance_passed.md): [선정] 본 단계 자체는 통과(재평가) — 이전 단계 탈락으로 미도달 / 사유: 당기순이익 196억원 ≥ 0
(기록 2026-05-24 21:03:16)

### 디지아이
- Stage 5 — finance (stage5_finance_passed.md): [제외] 당기순이익 -6억원 < 0 (적자)
(기록 2026-05-24 21:03:16)

### 메쎄이상
- (전 Stage 통과 — 기록 대상 없음)
(기록 2026-05-24 21:03:16)

### 브이원텍
- Stage 5 — finance (stage5_finance_passed.md): [제외] 당기순이익 -149억원 < 0 (적자)
(기록 2026-05-24 21:03:16)

### 제이앤티씨
- Stage 2-1 — chartDayPre (stage2_1_chartDayPre_passed.md): [제외] 금일 일봉 +17.92% — 15% 이상 급상승
- Stage 3 — chartDay (stage3_chartDay_passed.md): [정배열] 본 단계 자체는 통과(재평가) — 이전 단계 탈락으로 미도달 / 사유: 최근 3봉 정배열 + 양봉 + 종가-MA612 +12.85% [-15.0%, +50.0%] 통과
- Stage 4 — investor (stage4_investor_passed.md): [제외] 기관계 8회 연속 매도 (≥ 8)
- Stage 5 — finance (stage5_finance_passed.md): [제외] 당기순이익 -916억원 < 0 (적자)
(기록 2026-05-24 21:03:16)

### 성우
- (전 Stage 통과 — 기록 대상 없음)
(기록 2026-05-24 21:03:16)

### 이연제약
- Stage 5 — finance (stage5_finance_passed.md): [제외] 당기순이익 -296억원 < 0 (적자)
(기록 2026-05-24 21:03:16)

### 제일파마홀딩스
- (전 Stage 통과 — 기록 대상 없음)
(기록 2026-05-24 21:03:16)

### 토박스코리아
- Stage 5 — finance (stage5_finance_passed.md): [제외] 당기순이익 -12억원 < 0 (적자)
(기록 2026-05-24 21:03:16)

==============================================================================
[2026-05-24 21:15:07] masterReference 분석 (date=20260518, 대상 10종목)
==============================================================================

### 영림원소프트랩
- (전 Stage 통과 — 기록 대상 없음)
(기록 2026-05-24 21:15:07)

### 케이아이엔엑스
- Stage 2 — chart240 (stage2_chart240_passed.md): [제외] 최근 3봉 MA60↔MA306 실패 — ts=2026-05-18 08:00 MA60(110,901.67) < MA306×0.975(111,973.97)
- Stage 2-1 — chartDayPre (stage2_1_chartDayPre_passed.md): [정상] 본 단계 자체는 통과(재평가) — 이전 단계 탈락으로 미도달 / 사유: 금일 일봉 +0.61% — 15% 미만
- Stage 3 — chartDay (stage3_chartDay_passed.md): [정배열] 본 단계 자체는 통과(재평가) — 이전 단계 탈락으로 미도달 / 사유: 최근 3봉 정배열 + 양봉 + 종가-MA612 +29.04% [-15.0%, +50.0%] 통과
- Stage 4 — investor (stage4_investor_passed.md): [선정] 본 단계 자체는 통과(재평가) — 이전 단계 탈락으로 미도달 / 사유: 외국인 연속매도 0 / 기관계 연속매도 2 / 개인 연속매수 0 / 외국인 매도일수 6 — 모든 조건 통과
- Stage 5 — finance (stage5_finance_passed.md): [선정] 본 단계 자체는 통과(재평가) — 이전 단계 탈락으로 미도달 / 사유: 당기순이익 196억원 ≥ 0
(기록 2026-05-24 21:15:07)

### 디지아이
- Stage 5 — finance (stage5_finance_passed.md): [제외] 당기순이익 -6억원 < 0 (적자)
(기록 2026-05-24 21:15:07)

### 메쎄이상
- (전 Stage 통과 — 기록 대상 없음)
(기록 2026-05-24 21:15:07)

### 브이원텍
- Stage 5 — finance (stage5_finance_passed.md): [제외] 당기순이익 -149억원 < 0 (적자)
(기록 2026-05-24 21:15:07)

### 제이앤티씨
- Stage 2-1 — chartDayPre (stage2_1_chartDayPre_passed.md): [제외] 금일 일봉 +17.92% — 15% 이상 급상승
- Stage 3 — chartDay (stage3_chartDay_passed.md): [정배열] 본 단계 자체는 통과(재평가) — 이전 단계 탈락으로 미도달 / 사유: 최근 3봉 정배열 + 양봉 + 종가-MA612 +12.85% [-15.0%, +50.0%] 통과
- Stage 4 — investor (stage4_investor_passed.md): [제외] 기관계 8회 연속 매도 (≥ 8)
- Stage 5 — finance (stage5_finance_passed.md): [제외] 당기순이익 -916억원 < 0 (적자)
(기록 2026-05-24 21:15:07)

### 성우
- (전 Stage 통과 — 기록 대상 없음)
(기록 2026-05-24 21:15:07)

### 이연제약
- Stage 5 — finance (stage5_finance_passed.md): [제외] 당기순이익 -296억원 < 0 (적자)
(기록 2026-05-24 21:15:07)

### 제일파마홀딩스
- (전 Stage 통과 — 기록 대상 없음)
(기록 2026-05-24 21:15:07)

### 토박스코리아
- Stage 5 — finance (stage5_finance_passed.md): [제외] 당기순이익 -12억원 < 0 (적자)
(기록 2026-05-24 21:15:07)

