==============================================================================
[2026-05-24 20:01:46] masterReference 분석 (date=20260521, 대상 9종목)
==============================================================================

### 아이디피
- (전 Stage 통과 — 기록 대상 없음)
(기록 2026-05-24 20:01:46)

### 삼성에스디에스
- (전 Stage 통과 — 기록 대상 없음)
(기록 2026-05-24 20:01:46)

### LX홀딩스
- (전 Stage 통과 — 기록 대상 없음)
(기록 2026-05-24 20:01:46)

### 푸른기술
- Stage 1 — chart60_120 (stage1_chart60_120_passed.md): [제외] 전 타입 미매칭 — A:120분 4선정배열 실패: ts=2026-05-20 09:00 MA10(11,524) < MA20×0.965(11,613); B:120분 Type B 조건 실패: ts=2026-05-20 09:00 MA10(11,524) < MA20×0.985; C:120분 수렴 실패: ts=2026-05-20 09:00 수렴 폭 7.90% > 3.5% (min=11,153 max=12,034); D:60분 보조조건 실패 — 4선정배열 X, close>MA60 비율 37.5% < 50%; E:120분 MA10 < MA20×0.984 (최근 2봉 모두) — 단기 정렬 미시작
- Stage 2 — chart240 (stage2_chart240_passed.md): [장기추세] 본 단계 자체는 통과(재평가) — 이전 단계 탈락으로 미도달 / 사유: 최근 3봉 모두 MA60 ≥ MA306×0.975
- Stage 2-1 — chartDayPre (stage2_1_chartDayPre_passed.md): [정상] 본 단계 자체는 통과(재평가) — 이전 단계 탈락으로 미도달 / 사유: 금일 일봉 +9.20% — 15% 미만
- Stage 3 — chartDay (stage3_chartDay_passed.md): [정배열] 본 단계 자체는 통과(재평가) — 이전 단계 탈락으로 미도달 / 사유: 최근 3봉 정배열 + 양봉 + 종가-MA612 +44.77% [-15.0%, +50.0%] 통과
- Stage 4 — investor (stage4_investor_passed.md): [선정] 본 단계 자체는 통과(재평가) — 이전 단계 탈락으로 미도달 / 사유: 외국인 연속매도 0 / 기관계 연속매도 0 / 개인 연속매수 0 / 외국인 매도일수 8 — 모든 조건 통과
- Stage 5 — finance (stage5_finance_passed.md): [제외] 당기순이익 -7억원 < 0 (적자)
(기록 2026-05-24 20:01:46)

### 인탑스
- (전 Stage 통과 — 기록 대상 없음)
(기록 2026-05-24 20:01:46)

### 한빛소프트
- (전 Stage 통과 — 기록 대상 없음)
(기록 2026-05-24 20:01:46)

### 애드바이오텍
- Stage 2-1 — chartDayPre (stage2_1_chartDayPre_passed.md): [제외] 금일 일봉 +16.44% — 15% 이상 급상승
- Stage 3 — chartDay (stage3_chartDay_passed.md): [정배열] 본 단계 자체는 통과(재평가) — 이전 단계 탈락으로 미도달 / 사유: 최근 3봉 정배열 + 양봉 + 종가-MA612 +7.11% [-15.0%, +50.0%] 통과
- Stage 4 — investor (stage4_investor_passed.md): [선정] 본 단계 자체는 통과(재평가) — 이전 단계 탈락으로 미도달 / 사유: 외국인 연속매도 0 / 기관계 연속매도 2 / 개인 연속매수 0 / 외국인 매도일수 13 — 모든 조건 통과
- Stage 5 — finance (stage5_finance_passed.md): [제외] 당기순이익 -33억원 < 0 (적자)
(기록 2026-05-24 20:01:46)

### 성우
- (전 Stage 통과 — 기록 대상 없음)
(기록 2026-05-24 20:01:46)

### 티앤엘
- (전 Stage 통과 — 기록 대상 없음)
(기록 2026-05-24 20:01:46)

==============================================================================
[2026-05-24 21:03:17] masterReference 분석 (date=20260521, 대상 9종목)
==============================================================================

### 아이디피
- (전 Stage 통과 — 기록 대상 없음)
(기록 2026-05-24 21:03:17)

### 삼성에스디에스
- (전 Stage 통과 — 기록 대상 없음)
(기록 2026-05-24 21:03:17)

### LX홀딩스
- (전 Stage 통과 — 기록 대상 없음)
(기록 2026-05-24 21:03:17)

### 푸른기술
- Stage 1 — chart60_120 (stage1_chart60_120_passed.md): [제외] 전 타입 미매칭 — A:120분 4선정배열 실패: ts=2026-05-20 09:00 MA10(11,524) < MA20×0.965(11,613); B:120분 Type B 조건 실패: ts=2026-05-20 09:00 MA10(11,524) < MA20×0.985; C:120분 수렴 실패: ts=2026-05-20 09:00 수렴 폭 7.90% > 3.5% (min=11,153 max=12,034); D:60분 보조조건 실패 — 4선정배열 X, close>MA60 비율 37.5% < 50%; E:120분 MA10 < MA20×0.984 (최근 2봉 모두) — 단기 정렬 미시작
- Stage 2 — chart240 (stage2_chart240_passed.md): [장기추세] 본 단계 자체는 통과(재평가) — 이전 단계 탈락으로 미도달 / 사유: 최근 3봉 모두 MA60 ≥ MA306×0.975
- Stage 2-1 — chartDayPre (stage2_1_chartDayPre_passed.md): [정상] 본 단계 자체는 통과(재평가) — 이전 단계 탈락으로 미도달 / 사유: 금일 일봉 +9.20% — 15% 미만
- Stage 3 — chartDay (stage3_chartDay_passed.md): [정배열] 본 단계 자체는 통과(재평가) — 이전 단계 탈락으로 미도달 / 사유: 최근 3봉 정배열 + 양봉 + 종가-MA612 +44.77% [-15.0%, +50.0%] 통과
- Stage 4 — investor (stage4_investor_passed.md): [선정] 본 단계 자체는 통과(재평가) — 이전 단계 탈락으로 미도달 / 사유: 외국인 연속매도 0 / 기관계 연속매도 0 / 개인 연속매수 0 / 외국인 매도일수 8 — 모든 조건 통과
- Stage 5 — finance (stage5_finance_passed.md): [제외] 당기순이익 -7억원 < 0 (적자)
(기록 2026-05-24 21:03:17)

### 인탑스
- (전 Stage 통과 — 기록 대상 없음)
(기록 2026-05-24 21:03:17)

### 한빛소프트
- (전 Stage 통과 — 기록 대상 없음)
(기록 2026-05-24 21:03:17)

### 애드바이오텍
- Stage 2-1 — chartDayPre (stage2_1_chartDayPre_passed.md): [제외] 금일 일봉 +16.44% — 15% 이상 급상승
- Stage 3 — chartDay (stage3_chartDay_passed.md): [정배열] 본 단계 자체는 통과(재평가) — 이전 단계 탈락으로 미도달 / 사유: 최근 3봉 정배열 + 양봉 + 종가-MA612 +7.11% [-15.0%, +50.0%] 통과
- Stage 4 — investor (stage4_investor_passed.md): [선정] 본 단계 자체는 통과(재평가) — 이전 단계 탈락으로 미도달 / 사유: 외국인 연속매도 0 / 기관계 연속매도 2 / 개인 연속매수 0 / 외국인 매도일수 13 — 모든 조건 통과
- Stage 5 — finance (stage5_finance_passed.md): [제외] 당기순이익 -33억원 < 0 (적자)
(기록 2026-05-24 21:03:17)

### 성우
- (전 Stage 통과 — 기록 대상 없음)
(기록 2026-05-24 21:03:17)

### 티앤엘
- (전 Stage 통과 — 기록 대상 없음)
(기록 2026-05-24 21:03:17)

==============================================================================
[2026-05-24 21:15:07] masterReference 분석 (date=20260521, 대상 9종목)
==============================================================================

### 아이디피
- (전 Stage 통과 — 기록 대상 없음)
(기록 2026-05-24 21:15:07)

### 삼성에스디에스
- (전 Stage 통과 — 기록 대상 없음)
(기록 2026-05-24 21:15:07)

### LX홀딩스
- (전 Stage 통과 — 기록 대상 없음)
(기록 2026-05-24 21:15:07)

### 푸른기술
- Stage 1 — chart60_120 (stage1_chart60_120_passed.md): [제외] 전 타입 미매칭 — A:120분 4선정배열 실패: ts=2026-05-20 09:00 MA10(11,524) < MA20×0.965(11,613); B:120분 Type B 조건 실패: ts=2026-05-20 09:00 MA10(11,524) < MA20×0.985; C:120분 수렴 실패: ts=2026-05-20 09:00 수렴 폭 7.90% > 3.5% (min=11,153 max=12,034); D:60분 보조조건 실패 — 4선정배열 X, close>MA60 비율 37.5% < 50%; E:120분 MA10 < MA20×0.984 (최근 2봉 모두) — 단기 정렬 미시작
- Stage 2 — chart240 (stage2_chart240_passed.md): [장기추세] 본 단계 자체는 통과(재평가) — 이전 단계 탈락으로 미도달 / 사유: 최근 3봉 모두 MA60 ≥ MA306×0.975
- Stage 2-1 — chartDayPre (stage2_1_chartDayPre_passed.md): [정상] 본 단계 자체는 통과(재평가) — 이전 단계 탈락으로 미도달 / 사유: 금일 일봉 +9.20% — 15% 미만
- Stage 3 — chartDay (stage3_chartDay_passed.md): [정배열] 본 단계 자체는 통과(재평가) — 이전 단계 탈락으로 미도달 / 사유: 최근 3봉 정배열 + 양봉 + 종가-MA612 +44.77% [-15.0%, +50.0%] 통과
- Stage 4 — investor (stage4_investor_passed.md): [선정] 본 단계 자체는 통과(재평가) — 이전 단계 탈락으로 미도달 / 사유: 외국인 연속매도 0 / 기관계 연속매도 0 / 개인 연속매수 0 / 외국인 매도일수 8 — 모든 조건 통과
- Stage 5 — finance (stage5_finance_passed.md): [제외] 당기순이익 -7억원 < 0 (적자)
(기록 2026-05-24 21:15:07)

### 인탑스
- (전 Stage 통과 — 기록 대상 없음)
(기록 2026-05-24 21:15:07)

### 한빛소프트
- (전 Stage 통과 — 기록 대상 없음)
(기록 2026-05-24 21:15:07)

### 애드바이오텍
- Stage 2-1 — chartDayPre (stage2_1_chartDayPre_passed.md): [제외] 금일 일봉 +16.44% — 15% 이상 급상승
- Stage 3 — chartDay (stage3_chartDay_passed.md): [정배열] 본 단계 자체는 통과(재평가) — 이전 단계 탈락으로 미도달 / 사유: 최근 3봉 정배열 + 양봉 + 종가-MA612 +7.11% [-15.0%, +50.0%] 통과
- Stage 4 — investor (stage4_investor_passed.md): [선정] 본 단계 자체는 통과(재평가) — 이전 단계 탈락으로 미도달 / 사유: 외국인 연속매도 0 / 기관계 연속매도 2 / 개인 연속매수 0 / 외국인 매도일수 13 — 모든 조건 통과
- Stage 5 — finance (stage5_finance_passed.md): [제외] 당기순이익 -33억원 < 0 (적자)
(기록 2026-05-24 21:15:07)

### 성우
- (전 Stage 통과 — 기록 대상 없음)
(기록 2026-05-24 21:15:07)

### 티앤엘
- (전 Stage 통과 — 기록 대상 없음)
(기록 2026-05-24 21:15:07)

