==============================================================================
[2026-05-30 15:54:13] masterReference 분석 (date=20260529, 대상 6종목)
==============================================================================

### 한빛소프트
- Stage 1 — chart60_120 (stage1_chart60_120_passed.md): [제외] 전 타입 미매칭 — A:120분 4선정배열 실패: ts=2026-05-29 11:00 MA10(1,360) < MA20×0.965(1,364); B:120분 Type B 조건 실패: ts=2026-05-28 09:00 MA10(1,418) > MA60×0.97(1,310) — MA60 대비 3% 이상 아래여야 함; C:120분 수렴 실패: ts=2026-05-28 09:00 수렴 폭 5.62% > 3.5% (min=1,351 max=1,427); D:60분 보조조건 실패 — 4선정배열 X, close>MA60 비율 18.8% < 50%; E:120분 MA10 < MA20×0.984 (최근 2봉 모두) — 단기 정렬 미시작
- Stage 2 — chart240 (stage2_chart240_passed.md): [장기추세] 본 단계 자체는 통과(재평가) — 이전 단계 탈락으로 미도달 / 사유: 최근 3봉 모두 MA60 ≥ MA306×0.975
- Stage 2-1 — chartDayPre (stage2_1_chartDayPre_passed.md): [정상] 본 단계 자체는 통과(재평가) — 이전 단계 탈락으로 미도달 / 사유: 금일 일봉 +7.28% — 15% 미만
- Stage 3 — chartDay (stage3_chartDay_passed.md): [정배열] 본 단계 자체는 통과(재평가) — 이전 단계 탈락으로 미도달 / 사유: 최근 3봉 정배열 + 양봉 + 종가-MA612 -10.78% [-15.0%, +50.0%] 통과
- Stage 4 — investor (stage4_investor_passed.md): [선정] 본 단계 자체는 통과(재평가) — 이전 단계 탈락으로 미도달 / 사유: 외국인 연속매도 0 / 기관계 연속매도 1 / 개인 연속매수 0 / 외국인 매도일수 5 — 모든 조건 통과
- Stage 5 — finance (stage5_finance_passed.md): [선정] 본 단계 자체는 통과(재평가) — 이전 단계 탈락으로 미도달 / 사유: 당기순이익 54억원 ≥ 0
(기록 2026-05-30 15:54:13)

### LG디스플레이
- (전 Stage 통과 — 기록 대상 없음)
(기록 2026-05-30 15:54:13)

### 케이아이엔엑스
- (전 Stage 통과 — 기록 대상 없음)
(기록 2026-05-30 15:54:13)

### HL만도
- Stage 3 — chartDay (stage3_chartDay_passed.md): [제외] MA612 밴드/양봉 실패 — 종가(62,400) vs MA612(41,277.37) +51.17% — 밴드 [-15.0%, +50.0%] 이탈
- Stage 4 — investor (stage4_investor_passed.md): [선정] 본 단계 자체는 통과(재평가) — 이전 단계 탈락으로 미도달 / 사유: 외국인 연속매도 0 / 기관계 연속매도 0 / 개인 연속매수 0 / 외국인 매도일수 5 — 모든 조건 통과
- Stage 5 — finance (stage5_finance_passed.md): [선정] 본 단계 자체는 통과(재평가) — 이전 단계 탈락으로 미도달 / 사유: 당기순이익 1,228억원 ≥ 0
(기록 2026-05-30 15:54:13)

### 유니크
- (전 Stage 통과 — 기록 대상 없음)
(기록 2026-05-30 15:54:13)

### 시선AI
- Stage 3 — chartDay (stage3_chartDay_passed.md): [제외] 최근 3봉 정배열 0/3 < 2 — date=2026-05-27 MA60(2,859.00) ∉ [MA306×0.85(2,953.11), MA306×1.45(5,037.66)] | date=2026-05-28 MA60(2,860.92) ∉ [MA306×0.85(2,952.00), MA306×1.45(5,035.76)] | date=2026-05-29 MA60(2,868.58) ∉ [MA306×0.85(2,951.47), MA306×1.45(5,034.86)]
- Stage 4 — investor (stage4_investor_passed.md): [선정] 본 단계 자체는 통과(재평가) — 이전 단계 탈락으로 미도달 / 사유: 외국인 연속매도 0 / 기관계 연속매도 0 / 개인 연속매수 0 / 외국인 매도일수 6 — 모든 조건 통과
- Stage 5 — finance (stage5_finance_passed.md): [제외] 당기순이익 -153억원 < 0 (적자)
(기록 2026-05-30 15:54:13)

