==============================================================================
[2026-05-24 20:01:46] masterReference 분석 (date=20260520, 대상 3종목)
==============================================================================

### 그린생명과학
- Stage 4 — investor (stage4_investor_passed.md): [제외] 외국인 11회 연속 매도 (≥ 2)
- Stage 5 — finance (stage5_finance_passed.md): [선정] 본 단계 자체는 통과(재평가) — 이전 단계 탈락으로 미도달 / 사유: 당기순이익 1억원 ≥ 0
(기록 2026-05-24 20:01:46)

### SY동아
- (전 Stage 통과 — 기록 대상 없음)
(기록 2026-05-24 20:01:46)

### 인스피언
- Stage 3 — chartDay (stage3_chartDay_passed.md): [제외] MA612 밴드/양봉 실패 — MA612 결측, fallback 실패 — close(5,960) ≤ MA306(6,252.58)
- Stage 4 — investor (stage4_investor_passed.md): [제외] 외국인 2회 연속 매도 (≥ 2)
- Stage 5 — finance (stage5_finance_passed.md): [선정] 본 단계 자체는 통과(재평가) — 이전 단계 탈락으로 미도달 / 사유: 당기순이익 27억원 ≥ 0
(기록 2026-05-24 20:01:46)

==============================================================================
[2026-05-24 21:03:17] masterReference 분석 (date=20260520, 대상 3종목)
==============================================================================

### 그린생명과학
- Stage 4 — investor (stage4_investor_passed.md): [제외] 외국인 11회 연속 매도 (≥ 2)
- Stage 5 — finance (stage5_finance_passed.md): [선정] 본 단계 자체는 통과(재평가) — 이전 단계 탈락으로 미도달 / 사유: 당기순이익 1억원 ≥ 0
(기록 2026-05-24 21:03:17)

### SY동아
- (전 Stage 통과 — 기록 대상 없음)
(기록 2026-05-24 21:03:17)

### 인스피언
- Stage 3 — chartDay (stage3_chartDay_passed.md): [제외] MA612 밴드/양봉 실패 — MA612 결측, fallback 실패 — close(5,960) ≤ MA306(6,252.58)
- Stage 4 — investor (stage4_investor_passed.md): [제외] 외국인 2회 연속 매도 (≥ 2)
- Stage 5 — finance (stage5_finance_passed.md): [선정] 본 단계 자체는 통과(재평가) — 이전 단계 탈락으로 미도달 / 사유: 당기순이익 27억원 ≥ 0
(기록 2026-05-24 21:03:17)

==============================================================================
[2026-05-24 21:15:07] masterReference 분석 (date=20260520, 대상 3종목)
==============================================================================

### 그린생명과학
- Stage 4 — investor (stage4_investor_passed.md): [제외] 외국인 11회 연속 매도 (≥ 2)
- Stage 5 — finance (stage5_finance_passed.md): [선정] 본 단계 자체는 통과(재평가) — 이전 단계 탈락으로 미도달 / 사유: 당기순이익 1억원 ≥ 0
(기록 2026-05-24 21:15:07)

### SY동아
- (전 Stage 통과 — 기록 대상 없음)
(기록 2026-05-24 21:15:07)

### 인스피언
- Stage 3 — chartDay (stage3_chartDay_passed.md): [제외] MA612 밴드/양봉 실패 — MA612 결측, fallback 실패 — close(5,960) ≤ MA306(6,252.58)
- Stage 4 — investor (stage4_investor_passed.md): [제외] 외국인 2회 연속 매도 (≥ 2)
- Stage 5 — finance (stage5_finance_passed.md): [선정] 본 단계 자체는 통과(재평가) — 이전 단계 탈락으로 미도달 / 사유: 당기순이익 27억원 ≥ 0
(기록 2026-05-24 21:15:07)

