==============================================================================
[2026-05-28 21:01:34] masterReference 분석 (date=20260528, 대상 7종목)
==============================================================================

### 아이텍
- Stage 1 — chart60_120 (stage1_chart60_120_passed.md): [제외] 전 타입 미매칭 — A:120분 4선정배열 실패: ts=2026-05-27 11:00 MA60(7,195) < MA306×0.965(7,198); B:120분 Type B 조건 실패: ts=2026-05-27 09:00 MA10(8,015) > MA60×0.97(6,987) — MA60 대비 3% 이상 아래여야 함; C:120분 수렴 실패: ts=2026-05-27 09:00 수렴 폭 11.28% > 3.5% (min=7,203 max=8,015); D:120분 엉킴 조건 실패: ts=2026-05-27 09:00 MA60(7,203) < MA306×0.985(7,349); E:120분 MA10 < MA20×0.984 (최근 2봉 모두) — 단기 정렬 미시작
- Stage 2 — chart240 (stage2_chart240_passed.md): [장기추세] 본 단계 자체는 통과(재평가) — 이전 단계 탈락으로 미도달 / 사유: 최근 3봉 모두 MA60 ≥ MA306×0.975
- Stage 2-1 — chartDayPre (stage2_1_chartDayPre_passed.md): [정상] 본 단계 자체는 통과(재평가) — 이전 단계 탈락으로 미도달 / 사유: 금일 일봉 +10.70% — 15% 미만
- Stage 3 — chartDay (stage3_chartDay_passed.md): [정배열] 본 단계 자체는 통과(재평가) — 이전 단계 탈락으로 미도달 / 사유: 최근 3봉 정배열 + 양봉 + 종가-MA612 +23.74% [-15.0%, +50.0%] 통과
- Stage 4 — investor (stage4_investor_passed.md): [제외] 외국인 3회 연속 매도 (≥ 2)
- Stage 5 — finance (stage5_finance_passed.md): [제외] 당기순이익 -70억원 < 0 (적자)
(기록 2026-05-28 21:01:34)

### 에스엠벡셀
- Stage 2 — chart240 (stage2_chart240_passed.md): [제외] 최근 3봉 MA60↔MA306 실패 — ts=2026-05-27 13:00 MA60(2,107.58) < MA306×0.975(2,153.41)
- Stage 2-1 — chartDayPre (stage2_1_chartDayPre_passed.md): [정상] 본 단계 자체는 통과(재평가) — 이전 단계 탈락으로 미도달 / 사유: 금일 일봉 +8.70% — 15% 미만
- Stage 3 — chartDay (stage3_chartDay_passed.md): [제외] MA612 밴드/양봉 실패 — 종가(2,500) vs MA612(1,629.58) +53.41% — 밴드 [-15.0%, +50.0%] 이탈
- Stage 4 — investor (stage4_investor_passed.md): [선정] 본 단계 자체는 통과(재평가) — 이전 단계 탈락으로 미도달 / 사유: 외국인 연속매도 0 / 기관계 연속매도 0 / 개인 연속매수 0 / 외국인 매도일수 6 — 모든 조건 통과
- Stage 5 — finance (stage5_finance_passed.md): [선정] 본 단계 자체는 통과(재평가) — 이전 단계 탈락으로 미도달 / 사유: 당기순이익 17억원 ≥ 0
(기록 2026-05-28 21:01:34)

### 제이앤티씨
- Stage 5 — finance (stage5_finance_passed.md): [제외] 당기순이익 -916억원 < 0 (적자)
(기록 2026-05-28 21:01:34)

### 아이컴포넌트
- Stage 4 — investor (stage4_investor_passed.md): [제외] 개인 4회 연속 매수 (≥ 3)
- Stage 5 — finance (stage5_finance_passed.md): [선정] 본 단계 자체는 통과(재평가) — 이전 단계 탈락으로 미도달 / 사유: 당기순이익 60억원 ≥ 0
(기록 2026-05-28 21:01:34)

### DH오토리드
- Stage 4 — investor (stage4_investor_passed.md): [제외] 외국인 3회 연속 매도 (≥ 2)
- Stage 5 — finance (stage5_finance_passed.md): [선정] 본 단계 자체는 통과(재평가) — 이전 단계 탈락으로 미도달 / 사유: 당기순이익 136억원 ≥ 0
(기록 2026-05-28 21:01:34)

### DYP
- (전 Stage 통과 — 기록 대상 없음)
(기록 2026-05-28 21:01:34)

### 조선내화
- Stage 4 — investor (stage4_investor_passed.md): [제외] 외국인 2회 연속 매도 (≥ 2)
- Stage 5 — finance (stage5_finance_passed.md): [선정] 본 단계 자체는 통과(재평가) — 이전 단계 탈락으로 미도달 / 사유: 당기순이익 31억원 ≥ 0
(기록 2026-05-28 21:01:34)

