==============================================================================
[2026-05-16 16:15:53] masterReference 분석 (date=20260515, 대상 10종목)
==============================================================================

### Stage 1 — chart60_120 (stage1_chart60_120_passed.md)
- 아이언디바이스: 필터 평가 불가 — 입력 데이터 없음: 종목 폴더 없음: stock='아이언디바이스' date_dir=20260515
- 피에이치에이: 필터 평가 불가 — 입력 데이터 없음: 종목 폴더 없음: stock='피에이치에이' date_dir=20260515
- 쇼박스: 필터 평가 불가 — 입력 데이터 없음: 종목 폴더 없음: stock='쇼박스' date_dir=20260515
- 한성크린텍: 필터 평가 불가 — 입력 데이터 없음: 종목 폴더 없음: stock='한성크린텍' date_dir=20260515
- 디알젬: 필터 평가 불가 — 입력 데이터 없음: 종목 폴더 없음: stock='디알젬' date_dir=20260515
- 경동나비엔: 필터 평가 불가 — 입력 데이터 없음: 종목 폴더 없음: stock='경동나비엔' date_dir=20260515
- 아가방컴퍼니: 필터 평가 불가 — 입력 데이터 없음: 종목 폴더 없음: stock='아가방컴퍼니' date_dir=20260515
(기록 2026-05-16 16:15:53)

### Stage 2 — chart240 (stage2_chart240_passed.md)
- 아이언디바이스: 필터 평가 불가 — 입력 데이터 없음: 종목 폴더 없음: stock='아이언디바이스' date_dir=20260515
- 피에이치에이: 필터 평가 불가 — 입력 데이터 없음: 종목 폴더 없음: stock='피에이치에이' date_dir=20260515
- 쇼박스: 필터 평가 불가 — 입력 데이터 없음: 종목 폴더 없음: stock='쇼박스' date_dir=20260515
- 한성크린텍: 필터 평가 불가 — 입력 데이터 없음: 종목 폴더 없음: stock='한성크린텍' date_dir=20260515
- 디알젬: 필터 평가 불가 — 입력 데이터 없음: 종목 폴더 없음: stock='디알젬' date_dir=20260515
- 경동나비엔: 필터 평가 불가 — 입력 데이터 없음: 종목 폴더 없음: stock='경동나비엔' date_dir=20260515
- 아가방컴퍼니: 필터 평가 불가 — 입력 데이터 없음: 종목 폴더 없음: stock='아가방컴퍼니' date_dir=20260515
(기록 2026-05-16 16:15:53)

### Stage 2-1 — chartDayPre (stage2_1_chartDayPre_passed.md)
- 아이언디바이스: 필터 평가 불가 — 입력 데이터 없음: 종목 폴더 없음: stock='아이언디바이스' date_dir=20260515
- 피에이치에이: 필터 평가 불가 — 입력 데이터 없음: 종목 폴더 없음: stock='피에이치에이' date_dir=20260515
- 쇼박스: 필터 평가 불가 — 입력 데이터 없음: 종목 폴더 없음: stock='쇼박스' date_dir=20260515
- 한성크린텍: 필터 평가 불가 — 입력 데이터 없음: 종목 폴더 없음: stock='한성크린텍' date_dir=20260515
- 두산로보틱스: [제외] 금일 일봉 +24.04% — 10% 이상 급상승
- 디알젬: 필터 평가 불가 — 입력 데이터 없음: 종목 폴더 없음: stock='디알젬' date_dir=20260515
- 경동나비엔: 필터 평가 불가 — 입력 데이터 없음: 종목 폴더 없음: stock='경동나비엔' date_dir=20260515
- 팬젠: [제외] 금일 일봉 +11.67% — 10% 이상 급상승
- 아가방컴퍼니: 필터 평가 불가 — 입력 데이터 없음: 종목 폴더 없음: stock='아가방컴퍼니' date_dir=20260515
(기록 2026-05-16 16:15:53)

### Stage 3 — chartDay (stage3_chartDay_passed.md)
- 아이언디바이스: 필터 평가 불가 — 입력 데이터 없음: 종목 폴더 없음: stock='아이언디바이스' date_dir=20260515
- 피에이치에이: 필터 평가 불가 — 입력 데이터 없음: 종목 폴더 없음: stock='피에이치에이' date_dir=20260515
- 쇼박스: 필터 평가 불가 — 입력 데이터 없음: 종목 폴더 없음: stock='쇼박스' date_dir=20260515
- 한성크린텍: 필터 평가 불가 — 입력 데이터 없음: 종목 폴더 없음: stock='한성크린텍' date_dir=20260515
- 두산로보틱스: [제외] MA612 밴드/양봉 실패 — 종가(132,100) vs MA612(73,602.04) +79.48% — 밴드 [-10.0%, +20.0%] 이탈
- 디알젬: 필터 평가 불가 — 입력 데이터 없음: 종목 폴더 없음: stock='디알젬' date_dir=20260515
- 경동나비엔: 필터 평가 불가 — 입력 데이터 없음: 종목 폴더 없음: stock='경동나비엔' date_dir=20260515
- 팬젠: [제외] MA612 밴드/양봉 실패 — 종가(6,890) vs MA612(5,606.09) +22.90% — 밴드 [-10.0%, +20.0%] 이탈
- 아가방컴퍼니: 필터 평가 불가 — 입력 데이터 없음: 종목 폴더 없음: stock='아가방컴퍼니' date_dir=20260515
- 나이스정보통신: [제외] MA612 밴드/양봉 실패 — 양봉 아님 (오늘 종가 29,150 ≤ 어제 종가 29,350)
(기록 2026-05-16 16:15:53)

### Stage 4 — investor (stage4_investor_passed.md)
- 아이언디바이스: 필터 평가 불가 — 입력 데이터 없음: 종목 폴더 없음: stock='아이언디바이스' date_dir=20260515
- 피에이치에이: 필터 평가 불가 — 입력 데이터 없음: 종목 폴더 없음: stock='피에이치에이' date_dir=20260515
- 쇼박스: 필터 평가 불가 — 입력 데이터 없음: 종목 폴더 없음: stock='쇼박스' date_dir=20260515
- 한성크린텍: 필터 평가 불가 — 입력 데이터 없음: 종목 폴더 없음: stock='한성크린텍' date_dir=20260515
- 두산로보틱스: [선정] 본 단계 자체는 통과(재평가) — 이전 단계 탈락으로 미도달 / 사유: 외국인 연속매도 0 / 기관계 연속매도 0 / 개인 연속매수 0 / 외국인 매도일수 11 — 모든 조건 통과
- 디알젬: 필터 평가 불가 — 입력 데이터 없음: 종목 폴더 없음: stock='디알젬' date_dir=20260515
- 경동나비엔: 필터 평가 불가 — 입력 데이터 없음: 종목 폴더 없음: stock='경동나비엔' date_dir=20260515
- 팬젠: [선정] 본 단계 자체는 통과(재평가) — 이전 단계 탈락으로 미도달 / 사유: 외국인 연속매도 0 / 기관계 연속매도 0 / 개인 연속매수 0 / 외국인 매도일수 9 — 모든 조건 통과
- 아가방컴퍼니: 필터 평가 불가 — 입력 데이터 없음: 종목 폴더 없음: stock='아가방컴퍼니' date_dir=20260515
- 나이스정보통신: [선정] 본 단계 자체는 통과(재평가) — 이전 단계 탈락으로 미도달 / 사유: 외국인 연속매도 0 / 기관계 연속매도 0 / 개인 연속매수 0 / 외국인 매도일수 3 — 모든 조건 통과
(기록 2026-05-16 16:15:53)

### Stage 5 — finance (stage5_finance_passed.md)  (※ 결과 파일 부재)
- 아이언디바이스: 필터 평가 불가 — 입력 데이터 없음: 종목 폴더 없음: stock='아이언디바이스' date_dir=20260515
- 피에이치에이: 필터 평가 불가 — 입력 데이터 없음: 종목 폴더 없음: stock='피에이치에이' date_dir=20260515
- 쇼박스: 필터 평가 불가 — 입력 데이터 없음: 종목 폴더 없음: stock='쇼박스' date_dir=20260515
- 한성크린텍: 필터 평가 불가 — 입력 데이터 없음: 종목 폴더 없음: stock='한성크린텍' date_dir=20260515
- 두산로보틱스: 필터 평가 불가 — 입력 데이터 없음: finance.md 없음: reports/20260515/두산로보틱스(454910)/finance.md
- 디알젬: 필터 평가 불가 — 입력 데이터 없음: 종목 폴더 없음: stock='디알젬' date_dir=20260515
- 경동나비엔: 필터 평가 불가 — 입력 데이터 없음: 종목 폴더 없음: stock='경동나비엔' date_dir=20260515
- 팬젠: 필터 평가 불가 — 입력 데이터 없음: finance.md 없음: reports/20260515/팬젠(222110)/finance.md
- 아가방컴퍼니: 필터 평가 불가 — 입력 데이터 없음: 종목 폴더 없음: stock='아가방컴퍼니' date_dir=20260515
- 나이스정보통신: 필터 평가 불가 — 입력 데이터 없음: finance.md 없음: reports/20260515/나이스정보통신(036800)/finance.md
(기록 2026-05-16 16:15:53)

