==============================================================================
[2026-05-24 20:01:46] masterReference 분석 (date=20260519, 대상 5종목)
==============================================================================

### 아이스크림미디어
- (전 Stage 통과 — 기록 대상 없음)
(기록 2026-05-24 20:01:46)

### 아나패스
- (전 Stage 통과 — 기록 대상 없음)
(기록 2026-05-24 20:01:46)

### 다이나믹솔루션
- Stage 5 — finance (stage5_finance_passed.md): [제외] 당기순이익 -123억원 < 0 (적자)
(기록 2026-05-24 20:01:46)

### SKAI
- Stage 3 — chartDay (stage3_chartDay_passed.md): [제외] 최근 3봉 정배열 0/3 < 2 — date=2026-05-15 MA60(3,509.33) ∉ [MA306×0.85(2,001.78), MA306×1.45(3,414.79)] | date=2026-05-18 MA60(3,536.67) ∉ [MA306×0.85(2,005.83), MA306×1.45(3,421.71)] | date=2026-05-19 MA60(3,571.08) ∉ [MA306×0.85(2,010.71), MA306×1.45(3,430.03)]
- Stage 4 — investor (stage4_investor_passed.md): [선정] 본 단계 자체는 통과(재평가) — 이전 단계 탈락으로 미도달 / 사유: 외국인 연속매도 0 / 기관계 연속매도 0 / 개인 연속매수 0 / 외국인 매도일수 8 — 모든 조건 통과
- Stage 5 — finance (stage5_finance_passed.md): [제외] 당기순이익 -151억원 < 0 (적자)
(기록 2026-05-24 20:01:46)

### 코나아이
- Stage 3 — chartDay (stage3_chartDay_passed.md): [제외] MA612 밴드/양봉 실패 — 종가(64,100) vs MA612(33,843.58) +89.40% — 밴드 [-15.0%, +50.0%] 이탈
- Stage 4 — investor (stage4_investor_passed.md): [제외] 외국인 2회 연속 매도 (≥ 2)
- Stage 5 — finance (stage5_finance_passed.md): [선정] 본 단계 자체는 통과(재평가) — 이전 단계 탈락으로 미도달 / 사유: 당기순이익 745억원 ≥ 0
(기록 2026-05-24 20:01:46)

==============================================================================
[2026-05-24 21:03:17] masterReference 분석 (date=20260519, 대상 5종목)
==============================================================================

### 아이스크림미디어
- (전 Stage 통과 — 기록 대상 없음)
(기록 2026-05-24 21:03:17)

### 아나패스
- (전 Stage 통과 — 기록 대상 없음)
(기록 2026-05-24 21:03:17)

### 다이나믹솔루션
- Stage 5 — finance (stage5_finance_passed.md): [제외] 당기순이익 -123억원 < 0 (적자)
(기록 2026-05-24 21:03:17)

### SKAI
- Stage 3 — chartDay (stage3_chartDay_passed.md): [제외] 최근 3봉 정배열 0/3 < 2 — date=2026-05-15 MA60(3,509.33) ∉ [MA306×0.85(2,001.78), MA306×1.45(3,414.79)] | date=2026-05-18 MA60(3,536.67) ∉ [MA306×0.85(2,005.83), MA306×1.45(3,421.71)] | date=2026-05-19 MA60(3,571.08) ∉ [MA306×0.85(2,010.71), MA306×1.45(3,430.03)]
- Stage 4 — investor (stage4_investor_passed.md): [선정] 본 단계 자체는 통과(재평가) — 이전 단계 탈락으로 미도달 / 사유: 외국인 연속매도 0 / 기관계 연속매도 0 / 개인 연속매수 0 / 외국인 매도일수 8 — 모든 조건 통과
- Stage 5 — finance (stage5_finance_passed.md): [제외] 당기순이익 -151억원 < 0 (적자)
(기록 2026-05-24 21:03:17)

### 코나아이
- Stage 3 — chartDay (stage3_chartDay_passed.md): [제외] MA612 밴드/양봉 실패 — 종가(64,100) vs MA612(33,843.58) +89.40% — 밴드 [-15.0%, +50.0%] 이탈
- Stage 4 — investor (stage4_investor_passed.md): [제외] 외국인 2회 연속 매도 (≥ 2)
- Stage 5 — finance (stage5_finance_passed.md): [선정] 본 단계 자체는 통과(재평가) — 이전 단계 탈락으로 미도달 / 사유: 당기순이익 745억원 ≥ 0
(기록 2026-05-24 21:03:17)

==============================================================================
[2026-05-24 21:15:07] masterReference 분석 (date=20260519, 대상 5종목)
==============================================================================

### 아이스크림미디어
- (전 Stage 통과 — 기록 대상 없음)
(기록 2026-05-24 21:15:07)

### 아나패스
- (전 Stage 통과 — 기록 대상 없음)
(기록 2026-05-24 21:15:07)

### 다이나믹솔루션
- Stage 5 — finance (stage5_finance_passed.md): [제외] 당기순이익 -123억원 < 0 (적자)
(기록 2026-05-24 21:15:07)

### SKAI
- Stage 3 — chartDay (stage3_chartDay_passed.md): [제외] 최근 3봉 정배열 0/3 < 2 — date=2026-05-15 MA60(3,509.33) ∉ [MA306×0.85(2,001.78), MA306×1.45(3,414.79)] | date=2026-05-18 MA60(3,536.67) ∉ [MA306×0.85(2,005.83), MA306×1.45(3,421.71)] | date=2026-05-19 MA60(3,571.08) ∉ [MA306×0.85(2,010.71), MA306×1.45(3,430.03)]
- Stage 4 — investor (stage4_investor_passed.md): [선정] 본 단계 자체는 통과(재평가) — 이전 단계 탈락으로 미도달 / 사유: 외국인 연속매도 0 / 기관계 연속매도 0 / 개인 연속매수 0 / 외국인 매도일수 8 — 모든 조건 통과
- Stage 5 — finance (stage5_finance_passed.md): [제외] 당기순이익 -151억원 < 0 (적자)
(기록 2026-05-24 21:15:07)

### 코나아이
- Stage 3 — chartDay (stage3_chartDay_passed.md): [제외] MA612 밴드/양봉 실패 — 종가(64,100) vs MA612(33,843.58) +89.40% — 밴드 [-15.0%, +50.0%] 이탈
- Stage 4 — investor (stage4_investor_passed.md): [제외] 외국인 2회 연속 매도 (≥ 2)
- Stage 5 — finance (stage5_finance_passed.md): [선정] 본 단계 자체는 통과(재평가) — 이전 단계 탈락으로 미도달 / 사유: 당기순이익 745억원 ≥ 0
(기록 2026-05-24 21:15:07)

