==============================================================================
[2026-06-01 21:11:47] masterReference 분석 (date=20260601, 대상 4종목)
==============================================================================

### 레인보우로보틱스(277810)
- Stage 3 — chartDay (stage3_chartDay_passed.md): [제외] 최근 3봉 정배열 0/3 < 2 — date=2026-05-28 MA60(678,466.67) ∉ [MA306×0.85(362,877.78), MA306×1.45(619,026.79)] | date=2026-05-29 MA60(677,233.33) ∉ [MA306×0.85(363,794.44), MA306×1.45(620,590.52)] | date=2026-06-01 MA60(678,350.00) ∉ [MA306×0.85(364,973.61), MA306×1.45(622,602.04)]
- Stage 4 — investor (stage4_investor_passed.md): [선정] 본 단계 자체는 통과(재평가) — 이전 단계 탈락으로 미도달 / 사유: 외국인 연속매도 0 / 기관계 연속매도 0 / 개인 연속매수 0 / 외국인 매도일수 9 — 모든 조건 통과
- Stage 5 — finance (stage5_finance_passed.md): [선정] 본 단계 자체는 통과(재평가) — 이전 단계 탈락으로 미도달 / 사유: 당기순이익 14억원 ≥ 0
(기록 2026-06-01 21:11:47)

### 한일철강(002220)
- Stage 3 — chartDay (stage3_chartDay_passed.md): [제외] MA612 밴드/양봉 실패 — 종가(5,420) vs MA612(2,886.28) +87.78% — 밴드 [-15.0%, +50.0%] 이탈
- Stage 4 — investor (stage4_investor_passed.md): [선정] 본 단계 자체는 통과(재평가) — 이전 단계 탈락으로 미도달 / 사유: 외국인 연속매도 0 / 기관계 연속매도 1 / 개인 연속매수 0 / 외국인 매도일수 8 — 모든 조건 통과
- Stage 5 — finance (stage5_finance_passed.md): [제외] 당기순이익 -4억원 < 0 (적자)
(기록 2026-06-01 21:11:47)

### 아이텍(119830)
- Stage 5 — finance (stage5_finance_passed.md): [제외] 당기순이익 -70억원 < 0 (적자)
(기록 2026-06-01 21:11:47)

### 토탈소프트(045340)
- (전 Stage 통과 — 기록 대상 없음)
(기록 2026-06-01 21:11:47)

==============================================================================
[2026-06-01 21:19:09] masterReference 분석 (date=20260601, 대상 4종목)
==============================================================================

### 레인보우로보틱스(277810)
- Stage 3 — chartDay (stage3_chartDay_passed.md): [제외] MA612 밴드/양봉 실패 — 종가(811,000) vs MA612(302,104.90) +168.45% — 밴드 [-15.0%, +50.0%] 이탈
- Stage 4 — investor (stage4_investor_passed.md): [선정] 본 단계 자체는 통과(재평가) — 이전 단계 탈락으로 미도달 / 사유: 외국인 연속매도 0 / 기관계 연속매도 0 / 개인 연속매수 0 / 외국인 매도일수 9 — 모든 조건 통과
- Stage 5 — finance (stage5_finance_passed.md): [선정] 본 단계 자체는 통과(재평가) — 이전 단계 탈락으로 미도달 / 사유: 당기순이익 14억원 ≥ 0
(기록 2026-06-01 21:19:09)

### 한일철강(002220)
- Stage 3 — chartDay (stage3_chartDay_passed.md): [제외] MA612 밴드/양봉 실패 — 종가(5,420) vs MA612(2,886.28) +87.78% — 밴드 [-15.0%, +50.0%] 이탈
- Stage 4 — investor (stage4_investor_passed.md): [선정] 본 단계 자체는 통과(재평가) — 이전 단계 탈락으로 미도달 / 사유: 외국인 연속매도 0 / 기관계 연속매도 1 / 개인 연속매수 0 / 외국인 매도일수 8 — 모든 조건 통과
- Stage 5 — finance (stage5_finance_passed.md): [제외] 당기순이익 -4억원 < 0 (적자)
(기록 2026-06-01 21:19:09)

### 아이텍(119830)
- Stage 5 — finance (stage5_finance_passed.md): [제외] 당기순이익 -70억원 < 0 (적자)
(기록 2026-06-01 21:19:09)

### 토탈소프트(045340)
- (전 Stage 통과 — 기록 대상 없음)
(기록 2026-06-01 21:19:09)

==============================================================================
[2026-06-03 17:55:19] masterReference 분석 (date=20260601, 대상 4종목)
==============================================================================

### 레인보우로보틱스(277810)
- Stage 3 — chartDay (stage3_chartDay_passed.md): [제외] 최근 3봉 정배열 0/3 < 2 — date=2026-05-28 MA60(678,466.67) ∉ [MA306×0.85(362,877.78), MA306×1.45(619,026.79)] | date=2026-05-29 MA60(677,233.33) ∉ [MA306×0.85(363,794.44), MA306×1.45(620,590.52)] | date=2026-06-01 MA60(678,350.00) ∉ [MA306×0.85(364,973.61), MA306×1.45(622,602.04)]
- Stage 4 — investor (stage4_investor_passed.md): [선정] 본 단계 자체는 통과(재평가) — 이전 단계 탈락으로 미도달 / 사유: 외국인 연속매도 0 / 기관계 연속매도 0 / 개인 연속매수 0 / 외국인 매도일수 9 — 모든 조건 통과
- Stage 5 — finance (stage5_finance_passed.md): [선정] 본 단계 자체는 통과(재평가) — 이전 단계 탈락으로 미도달 / 사유: 당기순이익 14억원 ≥ 0
(기록 2026-06-03 17:55:19)

### 한일철강(002220)
- Stage 3 — chartDay (stage3_chartDay_passed.md): [제외] MA612 밴드/양봉 실패 — 종가(5,420) vs MA612(2,886.28) +87.78% — 밴드 [-15.0%, +50.0%] 이탈
- Stage 4 — investor (stage4_investor_passed.md): [선정] 본 단계 자체는 통과(재평가) — 이전 단계 탈락으로 미도달 / 사유: 외국인 연속매도 0 / 기관계 연속매도 1 / 개인 연속매수 0 / 외국인 매도일수 8 — 모든 조건 통과
- Stage 5 — finance (stage5_finance_passed.md): [제외] 당기순이익 -4억원 < 0 (적자)
(기록 2026-06-03 17:55:19)

### 아이텍(119830)
- Stage 5 — finance (stage5_finance_passed.md): [제외] 당기순이익 -70억원 < 0 (적자)
(기록 2026-06-03 17:55:19)

### 토탈소프트(045340)
- (전 Stage 통과 — 기록 대상 없음)
(기록 2026-06-03 17:55:19)

==============================================================================
[2026-06-03 17:55:19] masterReference 분석 (date=20260601, 대상 4종목)
==============================================================================

### 레인보우로보틱스(277810)
- Stage 3 — chartDay (stage3_chartDay_passed.md): [제외] 최근 3봉 정배열 0/3 < 2 — date=2026-05-28 MA60(678,466.67) ∉ [MA306×0.85(362,877.78), MA306×1.45(619,026.79)] | date=2026-05-29 MA60(677,233.33) ∉ [MA306×0.85(363,794.44), MA306×1.45(620,590.52)] | date=2026-06-01 MA60(678,350.00) ∉ [MA306×0.85(364,973.61), MA306×1.45(622,602.04)]
- Stage 4 — investor (stage4_investor_passed.md): [선정] 본 단계 자체는 통과(재평가) — 이전 단계 탈락으로 미도달 / 사유: 외국인 연속매도 0 / 기관계 연속매도 0 / 개인 연속매수 0 / 외국인 매도일수 9 — 모든 조건 통과
- Stage 5 — finance (stage5_finance_passed.md): [선정] 본 단계 자체는 통과(재평가) — 이전 단계 탈락으로 미도달 / 사유: 당기순이익 14억원 ≥ 0
(기록 2026-06-03 17:55:19)

### 한일철강(002220)
- Stage 3 — chartDay (stage3_chartDay_passed.md): [제외] MA612 밴드/양봉 실패 — 종가(5,420) vs MA612(2,886.28) +87.78% — 밴드 [-15.0%, +50.0%] 이탈
- Stage 4 — investor (stage4_investor_passed.md): [선정] 본 단계 자체는 통과(재평가) — 이전 단계 탈락으로 미도달 / 사유: 외국인 연속매도 0 / 기관계 연속매도 1 / 개인 연속매수 0 / 외국인 매도일수 8 — 모든 조건 통과
- Stage 5 — finance (stage5_finance_passed.md): [제외] 당기순이익 -4억원 < 0 (적자)
(기록 2026-06-03 17:55:19)

### 아이텍(119830)
- Stage 5 — finance (stage5_finance_passed.md): [제외] 당기순이익 -70억원 < 0 (적자)
(기록 2026-06-03 17:55:19)

### 토탈소프트(045340)
- (전 Stage 통과 — 기록 대상 없음)
(기록 2026-06-03 17:55:19)

==============================================================================
[2026-06-03 17:55:20] masterReference 분석 (date=20260601, 대상 4종목)
==============================================================================

### 레인보우로보틱스(277810)
- Stage 3 — chartDay (stage3_chartDay_passed.md): [제외] 최근 3봉 정배열 0/3 < 2 — date=2026-05-28 MA60(678,466.67) ∉ [MA306×0.85(362,877.78), MA306×1.45(619,026.79)] | date=2026-05-29 MA60(677,233.33) ∉ [MA306×0.85(363,794.44), MA306×1.45(620,590.52)] | date=2026-06-01 MA60(678,350.00) ∉ [MA306×0.85(364,973.61), MA306×1.45(622,602.04)]
- Stage 4 — investor (stage4_investor_passed.md): [선정] 본 단계 자체는 통과(재평가) — 이전 단계 탈락으로 미도달 / 사유: 외국인 연속매도 0 / 기관계 연속매도 0 / 개인 연속매수 0 / 외국인 매도일수 9 — 모든 조건 통과
- Stage 5 — finance (stage5_finance_passed.md): [선정] 본 단계 자체는 통과(재평가) — 이전 단계 탈락으로 미도달 / 사유: 당기순이익 14억원 ≥ 0
(기록 2026-06-03 17:55:20)

### 한일철강(002220)
- Stage 3 — chartDay (stage3_chartDay_passed.md): [제외] MA612 밴드/양봉 실패 — 종가(5,420) vs MA612(2,886.28) +87.78% — 밴드 [-15.0%, +50.0%] 이탈
- Stage 4 — investor (stage4_investor_passed.md): [선정] 본 단계 자체는 통과(재평가) — 이전 단계 탈락으로 미도달 / 사유: 외국인 연속매도 0 / 기관계 연속매도 1 / 개인 연속매수 0 / 외국인 매도일수 8 — 모든 조건 통과
- Stage 5 — finance (stage5_finance_passed.md): [제외] 당기순이익 -4억원 < 0 (적자)
(기록 2026-06-03 17:55:20)

### 아이텍(119830)
- Stage 5 — finance (stage5_finance_passed.md): [제외] 당기순이익 -70억원 < 0 (적자)
(기록 2026-06-03 17:55:20)

### 토탈소프트(045340)
- (전 Stage 통과 — 기록 대상 없음)
(기록 2026-06-03 17:55:20)

==============================================================================
[2026-06-03 17:55:20] masterReference 분석 (date=20260601, 대상 4종목)
==============================================================================

### 레인보우로보틱스(277810)
- Stage 3 — chartDay (stage3_chartDay_passed.md): [제외] 최근 3봉 정배열 0/3 < 2 — date=2026-05-28 MA60(678,466.67) ∉ [MA306×0.85(362,877.78), MA306×1.45(619,026.79)] | date=2026-05-29 MA60(677,233.33) ∉ [MA306×0.85(363,794.44), MA306×1.45(620,590.52)] | date=2026-06-01 MA60(678,350.00) ∉ [MA306×0.85(364,973.61), MA306×1.45(622,602.04)]
- Stage 4 — investor (stage4_investor_passed.md): [선정] 본 단계 자체는 통과(재평가) — 이전 단계 탈락으로 미도달 / 사유: 외국인 연속매도 0 / 기관계 연속매도 0 / 개인 연속매수 0 / 외국인 매도일수 9 — 모든 조건 통과
- Stage 5 — finance (stage5_finance_passed.md): [선정] 본 단계 자체는 통과(재평가) — 이전 단계 탈락으로 미도달 / 사유: 당기순이익 14억원 ≥ 0
(기록 2026-06-03 17:55:20)

### 한일철강(002220)
- Stage 3 — chartDay (stage3_chartDay_passed.md): [제외] MA612 밴드/양봉 실패 — 종가(5,420) vs MA612(2,886.28) +87.78% — 밴드 [-15.0%, +50.0%] 이탈
- Stage 4 — investor (stage4_investor_passed.md): [선정] 본 단계 자체는 통과(재평가) — 이전 단계 탈락으로 미도달 / 사유: 외국인 연속매도 0 / 기관계 연속매도 1 / 개인 연속매수 0 / 외국인 매도일수 8 — 모든 조건 통과
- Stage 5 — finance (stage5_finance_passed.md): [제외] 당기순이익 -4억원 < 0 (적자)
(기록 2026-06-03 17:55:20)

### 아이텍(119830)
- Stage 5 — finance (stage5_finance_passed.md): [제외] 당기순이익 -70억원 < 0 (적자)
(기록 2026-06-03 17:55:20)

### 토탈소프트(045340)
- (전 Stage 통과 — 기록 대상 없음)
(기록 2026-06-03 17:55:20)

