==============================================================================
[2026-05-24 20:01:46] masterReference 분석 (date=20260522, 대상 10종목)
==============================================================================

### 대원강업
- (전 Stage 통과 — 기록 대상 없음)
(기록 2026-05-24 20:01:46)

### 그린생명과학
- (전 Stage 통과 — 기록 대상 없음)
(기록 2026-05-24 20:01:46)

### 삼현철강
- (전 Stage 통과 — 기록 대상 없음)
(기록 2026-05-24 20:01:46)

### 어보브반도체
- (전 Stage 통과 — 기록 대상 없음)
(기록 2026-05-24 20:01:46)

### HL만도
- Stage 3 — chartDay (stage3_chartDay_passed.md): [제외] MA612 밴드/양봉 실패 — 종가(62,600) vs MA612(41,099.26) +52.31% — 밴드 [-15.0%, +50.0%] 이탈
- Stage 4 — investor (stage4_investor_passed.md): [선정] 본 단계 자체는 통과(재평가) — 이전 단계 탈락으로 미도달 / 사유: 외국인 연속매도 0 / 기관계 연속매도 0 / 개인 연속매수 0 / 외국인 매도일수 5 — 모든 조건 통과
- Stage 5 — finance (stage5_finance_passed.md): [선정] 본 단계 자체는 통과(재평가) — 이전 단계 탈락으로 미도달 / 사유: 당기순이익 1,228억원 ≥ 0
(기록 2026-05-24 20:01:46)

### 제이티
- Stage 5 — finance (stage5_finance_passed.md): [제외] 당기순이익 -4억원 < 0 (적자)
(기록 2026-05-24 20:01:46)

### LB세미콘
- Stage 5 — finance (stage5_finance_passed.md): [제외] 당기순이익 -1,509억원 < 0 (적자)
(기록 2026-05-24 20:01:46)

### 파인엠텍
- Stage 5 — finance (stage5_finance_passed.md): [제외] 당기순이익 -154억원 < 0 (적자)
(기록 2026-05-24 20:01:46)

### 셀리드
- Stage 3 — chartDay (stage3_chartDay_passed.md): [제외] 최근 3봉 정배열 0/3 < 2 — date=2026-05-20 MA60(2,853.33) ∉ [MA306×0.85(3,114.23), MA306×1.45(5,312.51)] | date=2026-05-21 MA60(2,854.00) ∉ [MA306×0.85(3,111.23), MA306×1.45(5,307.39)] | date=2026-05-22 MA60(2,858.17) ∉ [MA306×0.85(3,108.43), MA306×1.45(5,302.62)]
- Stage 4 — investor (stage4_investor_passed.md): [선정] 본 단계 자체는 통과(재평가) — 이전 단계 탈락으로 미도달 / 사유: 외국인 연속매도 0 / 기관계 연속매도 0 / 개인 연속매수 0 / 외국인 매도일수 9 — 모든 조건 통과
- Stage 5 — finance (stage5_finance_passed.md): [제외] 당기순이익 -121억원 < 0 (적자)
(기록 2026-05-24 20:01:46)

### 제이앤티씨
- Stage 5 — finance (stage5_finance_passed.md): [제외] 당기순이익 -916억원 < 0 (적자)
(기록 2026-05-24 20:01:46)

==============================================================================
[2026-05-24 21:03:17] masterReference 분석 (date=20260522, 대상 10종목)
==============================================================================

### 대원강업
- (전 Stage 통과 — 기록 대상 없음)
(기록 2026-05-24 21:03:17)

### 그린생명과학
- (전 Stage 통과 — 기록 대상 없음)
(기록 2026-05-24 21:03:17)

### 삼현철강
- (전 Stage 통과 — 기록 대상 없음)
(기록 2026-05-24 21:03:17)

### 어보브반도체
- (전 Stage 통과 — 기록 대상 없음)
(기록 2026-05-24 21:03:17)

### HL만도
- Stage 3 — chartDay (stage3_chartDay_passed.md): [제외] MA612 밴드/양봉 실패 — 종가(62,600) vs MA612(41,099.26) +52.31% — 밴드 [-15.0%, +50.0%] 이탈
- Stage 4 — investor (stage4_investor_passed.md): [선정] 본 단계 자체는 통과(재평가) — 이전 단계 탈락으로 미도달 / 사유: 외국인 연속매도 0 / 기관계 연속매도 0 / 개인 연속매수 0 / 외국인 매도일수 5 — 모든 조건 통과
- Stage 5 — finance (stage5_finance_passed.md): [선정] 본 단계 자체는 통과(재평가) — 이전 단계 탈락으로 미도달 / 사유: 당기순이익 1,228억원 ≥ 0
(기록 2026-05-24 21:03:17)

### 제이티
- Stage 5 — finance (stage5_finance_passed.md): [제외] 당기순이익 -4억원 < 0 (적자)
(기록 2026-05-24 21:03:17)

### LB세미콘
- Stage 5 — finance (stage5_finance_passed.md): [제외] 당기순이익 -1,509억원 < 0 (적자)
(기록 2026-05-24 21:03:17)

### 파인엠텍
- Stage 5 — finance (stage5_finance_passed.md): [제외] 당기순이익 -154억원 < 0 (적자)
(기록 2026-05-24 21:03:17)

### 셀리드
- Stage 3 — chartDay (stage3_chartDay_passed.md): [제외] 최근 3봉 정배열 0/3 < 2 — date=2026-05-20 MA60(2,853.33) ∉ [MA306×0.85(3,114.23), MA306×1.45(5,312.51)] | date=2026-05-21 MA60(2,854.00) ∉ [MA306×0.85(3,111.23), MA306×1.45(5,307.39)] | date=2026-05-22 MA60(2,858.17) ∉ [MA306×0.85(3,108.43), MA306×1.45(5,302.62)]
- Stage 4 — investor (stage4_investor_passed.md): [선정] 본 단계 자체는 통과(재평가) — 이전 단계 탈락으로 미도달 / 사유: 외국인 연속매도 0 / 기관계 연속매도 0 / 개인 연속매수 0 / 외국인 매도일수 9 — 모든 조건 통과
- Stage 5 — finance (stage5_finance_passed.md): [제외] 당기순이익 -121억원 < 0 (적자)
(기록 2026-05-24 21:03:17)

### 제이앤티씨
- Stage 5 — finance (stage5_finance_passed.md): [제외] 당기순이익 -916억원 < 0 (적자)
(기록 2026-05-24 21:03:17)

==============================================================================
[2026-05-24 21:15:07] masterReference 분석 (date=20260522, 대상 10종목)
==============================================================================

### 대원강업
- (전 Stage 통과 — 기록 대상 없음)
(기록 2026-05-24 21:15:07)

### 그린생명과학
- (전 Stage 통과 — 기록 대상 없음)
(기록 2026-05-24 21:15:07)

### 삼현철강
- (전 Stage 통과 — 기록 대상 없음)
(기록 2026-05-24 21:15:07)

### 어보브반도체
- (전 Stage 통과 — 기록 대상 없음)
(기록 2026-05-24 21:15:07)

### HL만도
- Stage 3 — chartDay (stage3_chartDay_passed.md): [제외] MA612 밴드/양봉 실패 — 종가(62,600) vs MA612(41,099.26) +52.31% — 밴드 [-15.0%, +50.0%] 이탈
- Stage 4 — investor (stage4_investor_passed.md): [선정] 본 단계 자체는 통과(재평가) — 이전 단계 탈락으로 미도달 / 사유: 외국인 연속매도 0 / 기관계 연속매도 0 / 개인 연속매수 0 / 외국인 매도일수 5 — 모든 조건 통과
- Stage 5 — finance (stage5_finance_passed.md): [선정] 본 단계 자체는 통과(재평가) — 이전 단계 탈락으로 미도달 / 사유: 당기순이익 1,228억원 ≥ 0
(기록 2026-05-24 21:15:07)

### 제이티
- Stage 5 — finance (stage5_finance_passed.md): [제외] 당기순이익 -4억원 < 0 (적자)
(기록 2026-05-24 21:15:07)

### LB세미콘
- Stage 5 — finance (stage5_finance_passed.md): [제외] 당기순이익 -1,509억원 < 0 (적자)
(기록 2026-05-24 21:15:07)

### 파인엠텍
- Stage 5 — finance (stage5_finance_passed.md): [제외] 당기순이익 -154억원 < 0 (적자)
(기록 2026-05-24 21:15:07)

### 셀리드
- Stage 3 — chartDay (stage3_chartDay_passed.md): [제외] 최근 3봉 정배열 0/3 < 2 — date=2026-05-20 MA60(2,853.33) ∉ [MA306×0.85(3,114.23), MA306×1.45(5,312.51)] | date=2026-05-21 MA60(2,854.00) ∉ [MA306×0.85(3,111.23), MA306×1.45(5,307.39)] | date=2026-05-22 MA60(2,858.17) ∉ [MA306×0.85(3,108.43), MA306×1.45(5,302.62)]
- Stage 4 — investor (stage4_investor_passed.md): [선정] 본 단계 자체는 통과(재평가) — 이전 단계 탈락으로 미도달 / 사유: 외국인 연속매도 0 / 기관계 연속매도 0 / 개인 연속매수 0 / 외국인 매도일수 9 — 모든 조건 통과
- Stage 5 — finance (stage5_finance_passed.md): [제외] 당기순이익 -121억원 < 0 (적자)
(기록 2026-05-24 21:15:07)

### 제이앤티씨
- Stage 5 — finance (stage5_finance_passed.md): [제외] 당기순이익 -916억원 < 0 (적자)
(기록 2026-05-24 21:15:07)

